// Vitest Snapshot v1, https://vitest.dev/guide/snapshot.html

exports[`<Footer /> > should the buttons have the correct url to the corresponding button 1`] = `
<ul
  class="navigation"
>
  <a
    class="section selected"
    href="/"
  >
    home
  </a>
  <a
    class="section false"
    href="/sobre-mim"
  >
    sobre mim
  </a>
  <a
    class="section false"
    href="/contato"
  >
    contato & endereço
  </a>
  <a
    class="section false"
    href="/equilibrium"
  >
    equilibrium
  </a>
  <a
    class="section false"
    href="/segredos-da-lua"
  >
    segredos da lua
  </a>
</ul>
`;
