// Vitest Snapshot v1, https://vitest.dev/guide/snapshot.html

exports[`<Footer /> > should the buttons have the correct url to the corresponding button 1`] = `
<ul
  class="navigation"
>
  <a
    class="section false"
    href="/sobre-mim"
  >
    sobre mim/endereço
  </a>
  <a
    class="section false"
    href="/equilibrium"
  >
    equilibrium
  </a>
  <a
    class="section false"
    href="/segredos-da-lua"
  >
    segredos da lua
  </a>
  <a
    class="section"
    href="https://www.google.com/maps/search/?api=1&query=R.%20Cel.%20Ja%C3%ADro%20Pereira%2C%2020%20-%20sala%208%20-%20Palmares%2C%20Belo%20Horizonte%20-%20MG%2C%2031155-292"
    target="_blank"
  >
    como chegar
  </a>
</ul>
`;
