// Vitest Snapshot v1, https://vitest.dev/guide/snapshot.html

exports[`<Footer /> > should the buttons have the correct url to the corresponding button 1`] = `
<ul
  class="navigation"
>
  <a
    class="section"
    href="/"
  >
    home
  </a>
  <a
    class="section"
    href="/about"
  >
    sobre mim
  </a>
  <a
    class="section"
    href="/contact"
  >
    contato
  </a>
  <a
    class="section"
    href="/coming-soon"
  >
    equilibrium
  </a>
  <a
    class="section"
    href="/coming-soon"
  >
    segredos da lua
  </a>
</ul>
`;
